host=adriatic06  date=2026-07-31 23:27:27  boot=2026-06-30 17:14:42
LATENCY: buffer=256 MB  110.96 ns per random dependent access  (9 Maccess/s)
node=adriatic06 window_sec=900 order=['L8']
==== layout L8 START 23:27:37 ====
[L8] launched 8 runs
[L8] t=     0s  median_MHz= 2100.0  steps(min/med/max)=0/0/0
[L8] t=    60s  median_MHz= 2100.0  steps(min/med/max)=1050/1100/1100
[L8] t=   120s  median_MHz= 2100.0  steps(min/med/max)=2450/2500/2500
[L8] t=   180s  median_MHz= 2100.0  steps(min/med/max)=3850/3900/3900
[L8] t=   240s  median_MHz= 2100.0  steps(min/med/max)=5250/5300/5300
[L8] t=   300s  median_MHz= 2100.0  steps(min/med/max)=6650/6650/6700
[L8] t=   360s  median_MHz= 2100.0  steps(min/med/max)=8000/8000/8000
[L8] t=   420s  median_MHz= 2100.0  steps(min/med/max)=9200/9200/9200
[L8] t=   480s  median_MHz= 2100.0  steps(min/med/max)=10800/10800/10800
[L8] t=   540s  median_MHz= 2100.0  steps(min/med/max)=12000/12000/12000
[L8] t=   600s  median_MHz= 2100.0  steps(min/med/max)=13200/13600/13600
[L8] t=   660s  median_MHz= 2100.0  steps(min/med/max)=14800/14800/14800
[L8] t=   720s  median_MHz= 2100.0  steps(min/med/max)=16000/16400/16400
[L8] t=   780s  median_MHz= 2100.0  steps(min/med/max)=17600/17600/17600
[L8] t=   841s  median_MHz= 2100.0  steps(min/med/max)=18800/19200/19200
[L8] t=   901s  median_MHz= 2100.0  steps(min/med/max)=20400/20400/20400
[kill] 8/8 exited; 0 still alive after wait
==== layout L8 END   23:42:48  median_MHz~2100.0 ====
EXPERIMENT_DONE
