\BOOKMARK [1][-]{section.1}{\376\377\000G\000o\000a\000l}{}% 1
\BOOKMARK [1][-]{section.2}{\376\377\000N\000o\000t\000a\000t\000i\000o\000n}{}% 2
\BOOKMARK [1][-]{section.3}{\376\377\000M\000e\000t\000r\000i\000c\000s}{}% 3
\BOOKMARK [1][-]{section.4}{\376\377\000W\000h\000y\000\040\000t\000h\000e\000\040\000d\000e\000c\000a\000y\000\040\000r\000a\000t\000e\000\040\000d\000e\000p\000e\000n\000d\000s\000\040\000o\000n\000\040\000t\000h\000e\000\040\000p\000o\000s\000i\000t\000i\000o\000n}{}% 4
\BOOKMARK [2][-]{subsection.4.1}{\376\377\000M\000e\000c\000h\000a\000n\000i\000s\000m\000\040\000o\000n\000e\000:\000\040\000o\000p\000t\000i\000m\000i\000z\000a\000t\000i\000o\000n\000\040\000a\000g\000a\000i\000n\000s\000t\000\040\000a\000\040\000f\000i\000x\000e\000d\000\040\000t\000a\000r\000g\000e\000t}{section.4}% 5
\BOOKMARK [2][-]{subsection.4.2}{\376\377\000M\000e\000c\000h\000a\000n\000i\000s\000m\000\040\000t\000w\000o\000:\000\040\000s\000t\000a\000t\000i\000s\000t\000i\000c\000a\000l\000\040\000a\000v\000e\000r\000a\000g\000i\000n\000g\000\040\000o\000f\000\040\000f\000r\000e\000s\000h\000\040\000r\000a\000n\000d\000o\000m\000\040\000t\000a\000r\000g\000e\000t\000s}{section.4}% 6
\BOOKMARK [2][-]{subsection.4.3}{\376\377\000T\000h\000e\000\040\000t\000h\000r\000e\000e\000\040\000k\000n\000o\000b\000s}{section.4}% 7
\BOOKMARK [1][-]{section.5}{\376\377\000E\000x\000p\000e\000r\000i\000m\000e\000n\000t\000\040\000p\000l\000a\000t\000f\000o\000r\000m}{}% 8
\BOOKMARK [1][-]{section.6}{\376\377\000I\000t\000e\000r\000a\000t\000i\000o\000n\000\040\000e\000x\000p\000e\000r\000i\000m\000e\000n\000t\000s}{}% 9
\BOOKMARK [2][-]{subsection.6.1}{\376\377\000B\000a\000s\000e\000l\000i\000n\000e\000s\000:\000\040\000t\000h\000e\000\040\000o\000p\000t\000i\000m\000i\000z\000e\000r\000\040\000f\000a\000m\000i\000l\000y}{section.6}% 10
\BOOKMARK [2][-]{subsection.6.2}{\376\377\000G\000l\000o\000b\000a\000l\000\040\000s\000c\000h\000e\000d\000u\000l\000e\000s\000\040\000a\000n\000d\000\040\000a\000v\000e\000r\000a\000g\000i\000n\000g\000\040\000c\000a\000n\000n\000o\000t\000\040\000f\000i\000x\000\040\000t\000h\000e\000\040\000s\000p\000r\000e\000a\000d}{section.6}% 11
\BOOKMARK [2][-]{subsection.6.3}{\376\377\000T\000h\000e\000\040\000e\000x\000a\000c\000t\000\040\000c\000o\000n\000s\000t\000r\000u\000c\000t\000i\000o\000n\000:\000\040\000a\000\040\000r\000e\000s\000i\000d\000u\000a\000l\000-\000e\000n\000c\000o\000d\000e\000d\000\040\000p\000e\000r\000-\000v\000i\000s\000i\000t\000\040\000m\000a\000p\000,\000\040\000r\000e\000a\000l\000i\000z\000e\000d\000\040\000b\000y\000\040\000a\000\040\000s\000o\000l\000v\000e}{section.6}% 12
\BOOKMARK [2][-]{subsection.6.4}{\376\377\000T\000h\000e\000\040\000s\000t\000a\000t\000i\000s\000t\000i\000c\000a\000l\000\040\000c\000o\000n\000s\000t\000r\000u\000c\000t\000i\000o\000n\000:\000\040\000c\000o\000i\000n\000\040\000f\000l\000i\000p\000s\000\040\000w\000i\000t\000h\000\040\000a\000n\000\040\000e\000x\000a\000c\000t\000\040\000l\000e\000a\000s\000t\000-\000s\000q\000u\000a\000r\000e\000s\000\040\000h\000e\000a\000d}{section.6}% 13
\BOOKMARK [2][-]{subsection.6.5}{\376\377\000T\000h\000e\000\040\000c\000l\000o\000s\000e\000d\000-\000f\000o\000r\000m\000\040\000c\000o\000u\000n\000t\000:\000\040\000a\000n\000\040\000e\000l\000l\000i\000p\000t\000i\000c\000a\000l\000\040\000p\000o\000s\000t\000e\000r\000i\000o\000r\000\040\000r\000e\000a\000d\000o\000u\000t}{section.6}% 14
\BOOKMARK [1][-]{section.7}{\376\377\000N\000o\000n\000-\000u\000n\000i\000f\000o\000r\000m\000\040\000v\000i\000s\000i\000t\000a\000t\000i\000o\000n}{}% 15
\BOOKMARK [1][-]{section.8}{\376\377\000C\000a\000p\000a\000c\000i\000t\000y\000\040\000s\000t\000r\000e\000s\000s}{}% 16
\BOOKMARK [1][-]{section.9}{\376\377\000T\000h\000e\000\040\000n\000e\000u\000r\000a\000l\000\040\000a\000l\000g\000o\000r\000i\000t\000h\000m\000\040\000a\000n\000d\000\040\000t\000h\000e\000\040\000g\000e\000n\000e\000r\000a\000l\000i\000z\000a\000t\000i\000o\000n\000\040\000d\000o\000m\000a\000i\000n\000s}{}% 17
\BOOKMARK [2][-]{subsection.9.1}{\376\377\000P\000u\000r\000e\000\040\000g\000r\000a\000d\000i\000e\000n\000t\000\040\000t\000r\000a\000i\000n\000i\000n\000g\000\040\000d\000o\000e\000s\000\040\000n\000o\000t\000\040\000t\000r\000a\000c\000k\000\040\000t\000h\000e\000\040\000c\000o\000i\000n\000\040\000s\000t\000a\000t\000i\000s\000t\000i\000c\000s}{section.9}% 18
\BOOKMARK [2][-]{subsection.9.2}{\376\377\000T\000h\000e\000\040\000R\000N\000D\000-\000p\000l\000u\000g\000g\000a\000b\000l\000e\000\040\000a\000n\000s\000w\000e\000r\000:\000\040\000a\000\040\000d\000e\000e\000p\000\040\000t\000r\000u\000n\000k\000\040\000w\000i\000t\000h\000\040\000a\000n\000\040\000e\000x\000a\000c\000t\000\040\000l\000a\000s\000t\000-\000l\000a\000y\000e\000r\000\040\000h\000e\000a\000d}{section.9}% 19
\BOOKMARK [2][-]{subsection.9.3}{\376\377\000W\000h\000a\000t\000\040\000t\000h\000e\000\040\000g\000e\000n\000e\000r\000a\000l\000i\000z\000a\000t\000i\000o\000n\000\040\000d\000o\000m\000a\000i\000n\000s\000\040\000a\000n\000d\000\040\000r\000e\000g\000i\000m\000e\000s\000\040\000m\000e\000a\000s\000u\000r\000e}{section.9}% 20
\BOOKMARK [1][-]{section.10}{\376\377\000V\000a\000l\000i\000d\000a\000t\000i\000o\000n\000\040\000r\000u\000n\000s}{}% 21
\BOOKMARK [2][-]{subsection.10.1}{\376\377\000A\000b\000l\000a\000t\000i\000o\000n\000s\000\040\000a\000n\000d\000\040\000h\000o\000r\000i\000z\000o\000n\000\040\000s\000t\000r\000e\000s\000s}{section.10}% 22
\BOOKMARK [1][-]{section.11}{\376\377\000F\000i\000n\000d\000i\000n\000g\000s}{}% 23
\BOOKMARK [1][-]{section.12}{\376\377\000L\000i\000t\000e\000r\000a\000t\000u\000r\000e}{}% 24
\BOOKMARK [1][-]{section.13}{\376\377\000W\000h\000a\000t\000\040\000t\000h\000i\000s\000\040\000d\000o\000c\000u\000m\000e\000n\000t\000\040\000d\000o\000e\000s\000\040\000n\000o\000t\000\040\000s\000e\000t\000t\000l\000e}{}% 25
